  AttachEffectClass.cpp
  PeriodicWeaponTargeting.cpp
  AttachEffectTypeClass.cpp
  BannerTypeClass.cpp
  DigitalDisplayTypeClass.cpp
  InsigniaTypeClass.cpp
  LaserTrailTypeClass.cpp
  RadTypeClass.cpp
  SelectBoxTypeClass.cpp
  ShieldTypeClass.cpp
  CreateUnitTypeClass.cpp
  DroppodTypeClass.cpp
  InterceptorTypeClass.cpp
  PassengerDeletionTypeClass.cpp
  TiberiumEaterTypeClass.cpp
  TypeConvertGroup.cpp
  Anchor.cpp
  AresAddressInit.cpp
  AresHelper.cpp
  Constructs.cpp
  Debug.cpp
  EnumFunctions.cpp
  GeneralUtils.cpp
  Patch.cpp
  ShapeTextPrinter.cpp
  SpawnerHelper.cpp
  Stream.cpp
    正在创建库 Debug\IntDir\Phobos.lib 和对象 Debug\IntDir\Phobos.exp
  Phobos.vcxproj -> E:\Github\PhobosB\Debug\Phobos.dll
